// Jest Snapshot v1, https://goo.gl/fbAQLP

exports[`Page: Smtp tests should render page correctly with defaults 1`] = `
<Page
  empty={Object {}}
  title="SMTP Relay"
>
  <Panel
    accent={true}
    sectioned={true}
  >
    <SmtpDetails
      apiKey={null}
    />
  </Panel>
  <Connect(ReduxForm)
    toggle={[Function]}
  />
</Page>
`;
