// Jest Snapshot v1, https://goo.gl/fbAQLP

exports[`Selectors: abTesting should generate initial values with all defaults for the edit form correctly 1`] = `
Object {
  "audience_selection": "percent",
  "confidence_level": 0.95,
  "dates": Object {
    "from": 2010-01-10T02:00:00.000Z,
    "to": 2010-01-10T02:00:00.000Z,
  },
  "default_template": Object {
    "template_object": undefined,
  },
  "engagement_timeout": 24,
  "metric": "count_unique_clicked",
  "name": "test 2 version 2",
  "test_mode": "bayesian",
  "variants": Array [
    Object {},
  ],
}
`;

exports[`Selectors: abTesting should generate initial values with overridden defaults for the edit form correctly 1`] = `
Object {
  "audience_selection": "sample_size",
  "confidence_level": 0.1,
  "dates": Object {
    "from": 2010-01-10T02:00:00.000Z,
    "to": 2010-01-10T02:00:00.000Z,
  },
  "default_template": Object {
    "sample_size": 50,
    "template_object": Object {
      "id": "template_one",
    },
  },
  "engagement_timeout": 2,
  "metric": "count_unique_confirmed_opened",
  "name": "test 2 version 1",
  "test_mode": "learning",
  "total_sample_size": 100,
  "variants": Array [
    Object {
      "sample_size": 50,
      "template_object": Object {
        "id": "template_two",
      },
    },
  ],
}
`;

exports[`Selectors: abTesting should selects ID and version from router params 1`] = `
Object {
  "id": "test_2",
  "version": 2,
}
`;

exports[`Selectors: abTesting should selects a single ab test from router params 1`] = `
Object {
  "name": "test 2 version 2",
}
`;

exports[`Selectors: abTesting should selects a single tests latest version number from router params 1`] = `2`;
