// Jest Snapshot v1, https://goo.gl/fbAQLP

exports[`IP Pool List Selector should format IP Pools for select options 1`] = `
Array [
  Object {
    "label": "IP Name [ip_id]",
    "value": "ip_id",
  },
]
`;

exports[`IP Pool List Selector should return empty array with no IP Pools 1`] = `Array []`;

exports[`Selector: Get Account Overview Info should return the selected data for a customer with a billing account 1`] = `
Object {
  "currentPlan": Object {
    "code": "test-plan-0817",
    "status": "public",
    "volume": 5000000,
  },
  "hasBillingAccount": true,
  "loading": false,
  "plans": Array [
    Object {
      "code": "test-plan-0817",
      "status": "public",
      "volume": 5000000,
    },
  ],
  "subscription": Object {
    "code": "test-plan-0817",
    "plan": "test plan",
    "self_serve": true,
  },
}
`;
