// Jest Snapshot v1, https://goo.gl/fbAQLP

exports[`NavItems Selectors should filter nav by access of user 1`] = `
Array [
  Object {
    "children": Array [
      Object {
        "label": "Summary",
        "route": Object {
          "component": [Function],
          "layout": [Function],
          "path": "/reports/summary",
        },
        "to": "/reports/summary",
      },
      Object {
        "label": "Bounce",
        "route": Object {
          "component": [Function],
          "layout": [Function],
          "path": "/reports/bounce",
        },
        "to": "/reports/bounce",
      },
      Object {
        "label": "Rejections",
        "route": Object {
          "component": [Function],
          "layout": [Function],
          "path": "/reports/rejections",
        },
        "to": "/reports/rejections",
      },
      Object {
        "label": "Accepted",
        "route": Object {
          "component": [Function],
          "layout": [Function],
          "path": "/reports/accepted",
        },
        "to": "/reports/accepted",
      },
      Object {
        "label": "Delayed",
        "route": Object {
          "component": [Function],
          "layout": [Function],
          "path": "/reports/delayed",
        },
        "to": "/reports/delayed",
      },
      Object {
        "label": "Engagement",
        "route": Object {
          "component": [Function],
          "layout": [Function],
          "path": "/reports/engagement",
        },
        "to": "/reports/engagement",
      },
      Object {
        "label": "Message Events",
        "route": Object {
          "component": [Function],
          "layout": [Function],
          "path": "/reports/message-events",
        },
        "to": "/reports/message-events",
      },
    ],
    "icon": "ReportBox",
    "label": "Reports",
    "route": Object {
      "path": "/reports",
      "redirect": "/reports/summary",
    },
    "to": "/reports",
  },
]
`;
