// Jest Snapshot v1, https://goo.gl/fbAQLP

exports[`Signals Engagement Recency Details Container gets engagement recency on mount correctly 1`] = `
<Component
  data={Array []}
  facet="sending_domain"
  facetId="test.com"
  gap={1}
  subaccountId="101"
  xTicks={
    Array [
      1,
      2,
    ]
  }
/>
`;
