// Jest Snapshot v1, https://goo.gl/fbAQLP

exports[`Steps should render correctly 1`] = `
<ul>
  <li
    className=""
    key="Confirm your Plan"
  >
    <Icon
      name="Check"
      size={18}
    />
     
    Confirm your Plan
  </li>
  <li
    className=""
    key="Add a Domain"
  >
    2.
     
    Add a Domain
  </li>
  <li
    className=""
    key="Send an Email"
  >
    3.
     
    Send an Email
  </li>
</ul>
`;
