// Jest Snapshot v1, https://goo.gl/fbAQLP

exports[`Webhook Component: Test Tab renders correctly 1`] = `
<Panel>
  <Panel.Section>
    <p>
      <Button
        disabled={false}
        onClick={[Function]}
        primary={true}
        size="small"
      >
        Send Test Batch
      </Button>
    </p>
    <RequestBlock
      targetURL="phoenix.co"
      testRequest="POST /phoenix.co HTTP/1.1
Host: phoenix.test
Content-Type: application/json
X-MessageSystems-Batch-ID: 77c2b630-d712-11e4-9642-efc2723b99c1
X-MessageSystems-Webhook-Token: 123
Connection: close

[
  {
    \\"msys\\": \\"sample\\"
  }
]"
      testSent={false}
    />
  </Panel.Section>
  <ResponseBlock
    testResponse="response"
    testSent={false}
  />
</Panel>
`;

exports[`Webhook Component: Test Tab submit submits correctly 1`] = `
Array [
  Array [
    Object {
      "id": "webhook-id",
      "message": Array [
        Object {
          "msys": "sample",
        },
      ],
      "subaccount": 101,
    },
  ],
]
`;
