// Jest Snapshot v1, https://goo.gl/fbAQLP

exports[`SendMoreCTA Component renders correctly 1`] = `
<Connect(AccessControl)
  condition={[Function]}
>
  <p>
    Need to send more?
     
    <Connect(ConditionSwitch)>
      <Case
        condition={[Function]}
      >
        <UnstyledLink
          onClick={[Function]}
        >
          Verify your email.
        </UnstyledLink>
      </Case>
      <Case
        condition={[Function]}
      >
        <PageLink
          to="/account/billing"
        >
          Switch to a new plan.
        </PageLink>
      </Case>
      <Case
        condition={[Function]}
      >
        <PageLink
          to="/account/billing"
        >
          Upgrade your account.
        </PageLink>
      </Case>
      <Case
        condition={[Function]}
      >
        <UnstyledLink
          onClick={[Function]}
        >
          Submit a request
        </UnstyledLink>
         to increase your daily sending limit.
      </Case>
    </Connect(ConditionSwitch)>
     
    <UnstyledLink
      external={true}
      to="https://support.sparkpost.com/customer/portal/articles/2030894"
    >
      Learn more about these limits.
    </UnstyledLink>
  </p>
</Connect(AccessControl)>
`;
