// Jest Snapshot v1, https://goo.gl/fbAQLP

exports[`Component: Pendo should initialise Pendo 1`] = `
Array [
  Object {
    "account": Object {
      "id": "local_999999",
      "plan": "1meellion",
      "serviceLevel": "enterprise",
      "tenant": "local",
    },
    "visitor": Object {
      "accessLevel": "admin",
      "id": "local_999999_fredo-mcgurk",
    },
  },
]
`;
