// Jest Snapshot v1, https://goo.gl/fbAQLP

exports[`ListPage renders correctly 1`] = `
<Page
  empty={Object {}}
  primaryAction={
    Object {
      "Component": [Function],
      "content": "Add Suppressions",
    }
  }
  title="Suppressions"
>
  <Tabs
    connectBelow={false}
    selected={0}
    tabs={
      Array [
        Object {
          "content": "Filters",
          "onClick": [Function],
        },
        Object {
          "content": "Find by Email",
          "onClick": [Function],
        },
      ]
    }
  />
  <Panel>
    <Panel.Section>
      <Connect(ReduxForm)
        onSubmit={[Function]}
      />
    </Panel.Section>
    <Panel.Section>
      <Connect(Results) />
    </Panel.Section>
  </Panel>
</Page>
`;
