// Jest Snapshot v1, https://goo.gl/fbAQLP

exports[`renders correctly with no subaccounts 1`] = `
<Page
  breadcrumbAction={
    Object {
      "Component": [Function],
      "content": "API Keys",
      "to": "/account/api-keys",
    }
  }
  empty={Object {}}
  secondaryActions={
    Array [
      Object {
        "content": "Delete",
        "onClick": [Function],
      },
    ]
  }
>
  <Panel>
    <Panel.Section>
      <Connect(ReduxForm)
        apiKey={Object {}}
        onSubmit={[Function]}
      />
    </Panel.Section>
  </Panel>
  <DeleteModal
    handleDelete={[Function]}
    handleToggle={[Function]}
    open={false}
    text="Are you sure you want to delete this API Key?"
    title="Delete API Key"
  />
</Page>
`;
