// Jest Snapshot v1, https://goo.gl/fbAQLP

exports[`Onboarding helpers Should create a curl request 1`] = `
"curl -X POST \\\\
  http://fake-api-test-host.com/v1/transmissions \\\\
  -H \\"Authorization: 12345\\" \\\\
  -H \\"Content-Type: application/json\\" \\\\
  -d '{
    \\"options\\": {
      \\"sandbox\\": true
    },
    \\"content\\": {
      \\"from\\": \\"sandbox@sparkpostbox.com\\",
      \\"subject\\": \\"Thundercats are GO!!!\\",
      \\"text\\": \\"Sword of Omens, give me sight BEYOND sight\\"
    },
    \\"recipients\\": [{ \\"address\\": \\"test@test.com\\" }]
}'"
`;
