// Jest Snapshot v1, https://goo.gl/fbAQLP

exports[`EngagementTable when loading 1`] = `
<PanelLoading
  minHeight="400px"
/>
`;

exports[`EngagementTable when no results 1`] = `
<Empty
  message="No clicks to report"
/>
`;

exports[`EngagementTable when renders table 1`] = `
<TableCollection
  columns={
    Array [
      Object {
        "key": "link_name",
        "label": "Link",
        "sortKey": "link_name",
        "width": "40%",
      },
      Object {
        "key": "count_raw_clicked_approx",
        "label": <span>
          Unique Clicks
          <Tooltip
            bottom={true}
            content="Total number of messages which had at least one link selected one or more times."
            dark={true}
            forcePosition={false}
            horizontalOffset="0px"
            preferredDirection={
              Object {
                "bottom": true,
                "left": false,
                "right": true,
                "top": false,
              }
            }
            right={true}
            top={true}
          >
            <Icon
              name="InfoOutline"
              size={18}
              style={
                Object {
                  "marginLeft": "5px",
                }
              }
            />
          </Tooltip>
        </span>,
        "sortKey": "count_raw_clicked_approx",
        "width": "20%",
      },
      Object {
        "key": "count_clicked",
        "label": <span>
          Clicks
          <Tooltip
            bottom={true}
            content="Total number of times that links were selected across all messages."
            dark={true}
            forcePosition={false}
            horizontalOffset="0px"
            preferredDirection={
              Object {
                "bottom": true,
                "left": false,
                "right": true,
                "top": false,
              }
            }
            right={true}
            top={true}
          >
            <Icon
              name="InfoOutline"
              size={18}
              style={
                Object {
                  "marginLeft": "5px",
                }
              }
            />
          </Tooltip>
        </span>,
        "sortKey": "count_clicked",
        "width": "20%",
      },
      Object {
        "key": "percentage_clicked",
        "label": "Percent of Total",
        "sortKey": "percentage_clicked",
        "width": "20%",
      },
    ]
  }
  defaultSortColumn="count_clicked"
  defaultSortDirection="desc"
  getRowData={[Function]}
  pagination={true}
  rows={
    Array [
      Object {
        "count_clicked": 10,
        "count_raw_clicked_approx": 1,
        "link_name": "Raw URL",
        "percentage_clicked": 33.33333333333333,
      },
      Object {
        "count_clicked": 20,
        "count_raw_clicked_approx": 2,
        "link_name": "Nintendo",
        "percentage_clicked": 66.66666666666666,
      },
    ]
  }
/>
`;
