// Jest Snapshot v1, https://goo.gl/fbAQLP

exports[`EnableTfaModal tests should render correctly 1`] = `
<Modal
  open={false}
>
  <Panel
    accent={true}
    title="Enable Two-Factor Authentication"
  >
    <Connect(EnableTfaForm)
      afterEnable={[MockFunction]}
      onClose={[MockFunction]}
    />
  </Panel>
</Modal>
`;
