// Jest Snapshot v1, https://goo.gl/fbAQLP

exports[`Component: ActiveFilters should handle filter changes and correctly apply 1`] = `
Object {
  "campaign_ids": Array [],
  "events": Object {
    "bounce": true,
    "click": true,
    "delivery": true,
  },
  "friendly_froms": Array [
    "test@testy.co",
  ],
  "subaccounts": "101",
}
`;

exports[`Component: ActiveFilters should render initially and sync to state correctly 1`] = `
<React.Fragment>
  <Button
    onClick={[Function]}
    size="default"
  >
    More Filters
  </Button>
  <Modal
    onClose={[Function]}
    open={false}
  >
    <WindowEvent
      event="keydown"
      handler={[Function]}
    />
    <Panel
      title="Advanced Filters"
    >
      <Panel.Section>
        <Checkbox.Group
          label="Event Type"
          required={false}
        >
          <div
            key="delivery"
          >
            <Checkbox
              checked={false}
              id="delivery"
              label="Delivery"
              onChange={[Function]}
              required={false}
            />
          </div>
          <div
            key="injection"
          >
            <Checkbox
              checked={false}
              id="injection"
              label="Injection"
              onChange={[Function]}
              required={false}
            />
          </div>
          <div
            key="bounce"
          >
            <Checkbox
              checked={true}
              id="bounce"
              label="Bounce"
              onChange={[Function]}
              required={false}
            />
          </div>
          <div
            key="delay"
          >
            <Checkbox
              checked={false}
              id="delay"
              label="Delay"
              onChange={[Function]}
              required={false}
            />
          </div>
          <div
            key="policy_rejection"
          >
            <Checkbox
              checked={false}
              id="policy_rejection"
              label="Policy Rejection"
              onChange={[Function]}
              required={false}
            />
          </div>
          <div
            key="out_of_band"
          >
            <Checkbox
              checked={false}
              id="out_of_band"
              label="Out Of Band"
              onChange={[Function]}
              required={false}
            />
          </div>
          <div
            key="open"
          >
            <Checkbox
              checked={false}
              id="open"
              label="Open"
              onChange={[Function]}
              required={false}
            />
          </div>
          <div
            key="initial_open"
          >
            <Checkbox
              checked={false}
              id="initial_open"
              label="Initial Open"
              onChange={[Function]}
              required={false}
            />
          </div>
          <div
            key="click"
          >
            <Checkbox
              checked={true}
              id="click"
              label="Click"
              onChange={[Function]}
              required={false}
            />
          </div>
          <div
            key="generation_failure"
          >
            <Checkbox
              checked={false}
              id="generation_failure"
              label="Generation Failure"
              onChange={[Function]}
              required={false}
            />
          </div>
          <div
            key="generation_rejection"
          >
            <Checkbox
              checked={false}
              id="generation_rejection"
              label="Generation Rejection"
              onChange={[Function]}
              required={false}
            />
          </div>
          <div
            key="spam_complaint"
          >
            <Checkbox
              checked={false}
              id="spam_complaint"
              label="Spam Complaint"
              onChange={[Function]}
              required={false}
            />
          </div>
          <div
            key="list_unsubscribe"
          >
            <Checkbox
              checked={false}
              id="list_unsubscribe"
              label="List Unsubscribe"
              onChange={[Function]}
              required={false}
            />
          </div>
          <div
            key="link_unsubscribe"
          >
            <Checkbox
              checked={false}
              id="link_unsubscribe"
              label="Link Unsubscribe"
              onChange={[Function]}
              required={false}
            />
          </div>
        </Checkbox.Group>
      </Panel.Section>
      <Panel.Section>
        <p>
          <small>
            Each of these filters accept comma-separated values.
          </small>
        </p>
        <div
          key="friendly_froms"
        >
          <TextField
            id="friendly_froms"
            label="From Addresses"
            onChange={[Function]}
            required={false}
            resize="both"
            type="text"
            value={
              Array [
                "test@testy.co",
              ]
            }
          />
        </div>
        <div
          key="subaccounts"
        >
          <TextField
            id="subaccounts"
            label="Subaccount IDs"
            onChange={[Function]}
            required={false}
            resize="both"
            type="text"
          />
        </div>
        <div
          key="message_ids"
        >
          <TextField
            id="message_ids"
            label="Message IDs"
            onChange={[Function]}
            required={false}
            resize="both"
            type="text"
          />
        </div>
        <div
          key="template_ids"
        >
          <TextField
            id="template_ids"
            label="Template IDs"
            onChange={[Function]}
            required={false}
            resize="both"
            type="text"
          />
        </div>
        <div
          key="campaign_ids"
        >
          <TextField
            id="campaign_ids"
            label="Campaign IDs"
            onChange={[Function]}
            required={false}
            resize="both"
            type="text"
            value={Array []}
          />
        </div>
      </Panel.Section>
      <Panel.Section>
        <Button
          onClick={[Function]}
          primary={true}
          size="default"
        >
          Apply Filters
        </Button>
        <Button
          onClick={[Function]}
          size="default"
        >
          Cancel
        </Button>
      </Panel.Section>
    </Panel>
  </Modal>
</React.Fragment>
`;
