// Jest Snapshot v1, https://goo.gl/fbAQLP

exports[`Component: AdvancedFiltersModal should render initially and sync to state correctly 1`] = `
<Fragment>
  <Button
    onClick={[Function]}
    size="default"
  >
    More Filters
  </Button>
  <Modal
    onClose={[Function]}
    open={false}
  >
    <WindowEvent
      event="keydown"
      handler={[Function]}
    />
    <Connect(ReduxForm)
      handleApply={[Function]}
      handleCancel={[Function]}
    />
  </Modal>
</Fragment>
`;
