// Jest Snapshot v1, https://goo.gl/fbAQLP

exports[`Forgot Password Page should render with initial props 1`] = `
<React.Fragment>
  <CenteredLogo />
  <Panel
    accent={true}
    sectioned={true}
    title="Create a New Password"
  >
    <form
      onSubmit={[Function]}
    >
      <Field
        autoComplete="new-password"
        component={[Function]}
        label="New Password"
        name="newPassword"
        type="password"
        validate={
          Array [
            [Function],
            [Function],
            [Function],
          ]
        }
      />
      <Field
        component={[Function]}
        label="Confirm New Password"
        name="confirmNewPassword"
        type="password"
        validate={
          Array [
            [Function],
            [Function],
            [Function],
            [Function],
          ]
        }
      />
      <Button
        disabled={true}
        primary={true}
        size="default"
        submit={true}
      >
        Create New Password
      </Button>
    </form>
  </Panel>
  <Panel.Footer
    left={
      <small>
        Remember your password? 
        <UnstyledLink
          Component={[Function]}
          to="/auth"
        >
          Log in
        </UnstyledLink>
        .
      </small>
    }
  />
</React.Fragment>
`;
