// Jest Snapshot v1, https://goo.gl/fbAQLP

exports[`should render 1`] = `
<t
  action={
    Object {
      "content": "Create a Tracking Domain",
    }
  }
  secondaryAction={
    Object {
      "content": "API Docs",
      "target": "_blank",
      "to": "https://developers.sparkpost.com/api/tracking-domains.html",
    }
  }
  title="Round out your branding with Tracking Domains"
>
  <p>
    Tracking Domains Explanation
  </p>
</t>
`;
