// Jest Snapshot v1, https://goo.gl/fbAQLP

exports[`Payment Form:  should render 1`] = `
<div>
  <p>
    <small>
      Credit Card
    </small>
  </p>
  <Field
    component={[Function]}
    label="Credit Card Number"
    name="card.number"
    validate={
      Array [
        [Function],
        [Function],
      ]
    }
  />
  <Field
    component={[Function]}
    label="Cardholder Name"
    name="card.name"
    validate={[Function]}
  />
  <Grid>
    <Grid.Column
      xs={6}
    >
      <Field
        component={[Function]}
        label="Expiration Date"
        name="card.expCombined"
        placeholder="MM / YY"
        validate={
          Array [
            [Function],
            [Function],
          ]
        }
      />
    </Grid.Column>
    <Grid.Column
      xs={6}
    >
      <Field
        component={[Function]}
        label="Security Code"
        name="card.securityCode"
        placeholder="CVV/CVC"
        validate={[Function]}
      />
    </Grid.Column>
  </Grid>
</div>
`;

exports[`Payment Form:  validates card type 1`] = `"We only accept Visa, MasterCard, AmericanExpress, Discover"`;
