// Jest Snapshot v1, https://goo.gl/fbAQLP

exports[`should render 1`] = `
<t
  action={
    Object {
      "content": "Create a Recipient List",
    }
  }
  secondaryAction={
    Object {
      "content": "API Docs",
      "target": "_blank",
      "to": "https://developers.sparkpost.com/api/recipient-lists.html",
    }
  }
  title="Recipient Lists Empty Title"
>
  <p>
    Recipient List Explanation
  </p>
</t>
`;
