// Jest Snapshot v1, https://goo.gl/fbAQLP

exports[`PreviewPage renders loading page when template is undefined 1`] = `<Loading />`;

exports[`PreviewPage renders preview page 1`] = `
<Page
  breadcrumbAction={
    Object {
      "Component": [Function],
      "content": "Edit Template",
      "to": "/path/to/edit",
    }
  }
  empty={Object {}}
  title="Test Template (Draft)"
>
  <Panel
    sectioned={true}
  >
    <TextField
      label="To"
      placeholder="example@domain.com, example@domain.com, ..."
      required={true}
      type="text"
    />
    <TextField
      disabled={true}
      label="From"
      required={false}
      type="text"
      value="test@example.com"
    />
    <TextField
      disabled={true}
      label="Subject"
      required={false}
      type="text"
      value="Test Subject"
    />
    <PreviewPanel
      html="<html />"
      text=""
    />
  </Panel>
</Page>
`;
