// Jest Snapshot v1, https://goo.gl/fbAQLP

exports[`Component: User Page DeleteButton should render correctly by default 1`] = `
<Button
  name="delete-button-name"
  onClick={[Function]}
  size="default"
>
  Delete
</Button>
`;

exports[`Component: User Page DeleteButton should render when disabled 1`] = `""`;
